id: 166907839
type: node
latitude: 51.3
longitude: -116.96533
postcode: V0A 1H0
city: Golden
street: 9 Avenue North
housenumber: "410"
phone: ""
opening_hours: 24/7
website: https://stores.7-eleven.ca/store/29435
