id: 4517783793
type: node
latitude: 51.29562
longitude: -116.96269
postcode: "V0A 1H0"
city: Golden
street: "10th Avenue South"
housenumber: 914
phone: "+1-250-344-5714"
opening_hours: ""
website: "http://www.truhardware.ca"