id: 8287398420
type: node
shop: massage
latitude: 51.30215200000001
longitude: -116.96734180000001
postcode: "v0a 1h0"
city: Golden
street: "10th Avenue North"
housenumber: 611
phone: "403-760-9318"
opening_hours: ""
website: "https://www.cheriedevlin.com"
