id: 332919177
type: node
latitude: 51.29948
longitude: -116.96472
postcode: V0A1H0
city: Golden
street: 9th Avenue North
housenumber: "409"
phone: "+12503445600"
opening_hours: Mo-Sa 09:00-17:00; Su 10:00-16:00
website: https://www.bacchusbooks.ca/
