id: 516881665
type: way
latitude: 51.3028
longitude: -116.96852
postcode: "V0A 1H0"
city: Golden
street: "9 Avenue North"
housenumber: 624
phone: ""
opening_hours: "Mo-Su 08:00-22:00"
website: ""
