id: 4579860859
type: node
latitude: 51.29543
longitude: -116.96269
postcode: "V0A 1H0"
city: Golden
street: "10th Avenue South"
housenumber: 916
phone: ""
opening_hours: "Tu-Sa 10:00-18:00"
website: "http://www.kickinghorseinteriors.ca"