id: 144459626
type: node
latitude: 51.31421
longitude: -116.97349
postcode: V0A 1H0
city: Golden
street: Trans-Canada Highway
housenumber: "1209"
phone: +1-250-344-5151
opening_hours: ""
website: ""
