id: 144459616
type: way
latitude: 51.31533
longitude: -116.9738
postcode: "V0A 1H0"
city: Golden
street: "Trans-Canada Highway"
housenumber: 1319
phone: "+1-250-344-6613"
opening_hours: ""
website: ""
