id: 516881663
type: way
latitude: 51.302319600000004
longitude: -116.96899320000001
postcode: ""
city: Golden
street: ""
housenumber: 
phone: ""
opening_hours: "Mo-Sa 09:00-21:00; Su 10:00-18:00"
website: "http://www.thebargainshop.com"
